[     723ms] [ERROR] Connecting to 'wss://mc.yandex.ru/solid.ws' violates the following Content Security Policy directive: "connect-src 'self' https://mc.yandex.ru https://*.yandex.ru https://*.yandex.net https://*.yandex.com". The action has been blocked. @ https://mc.yandex.ru/metrika/tag.js:496
[   59735ms] [ERROR] Connecting to 'wss://mc.yandex.ru/solid.ws' violates the following Content Security Policy directive: "connect-src 'self' https://mc.yandex.ru https://*.yandex.ru https://*.yandex.net https://*.yandex.com". The action has been blocked. @ https://mc.yandex.ru/metrika/tag.js:496
[  162746ms] [ERROR] Connecting to 'wss://mc.yandex.ru/solid.ws' violates the following Content Security Policy directive: "connect-src 'self' https://mc.yandex.ru https://*.yandex.ru https://*.yandex.net https://*.yandex.com". The action has been blocked. @ https://mc.yandex.ru/metrika/tag.js:496
[  390775ms] [ERROR] Connecting to 'wss://mc.yandex.ru/solid.ws' violates the following Content Security Policy directive: "connect-src 'self' https://mc.yandex.ru https://*.yandex.ru https://*.yandex.net https://*.yandex.com". The action has been blocked. @ https://mc.yandex.ru/metrika/tag.js:496
[  709783ms] [ERROR] Connecting to 'wss://mc.yandex.ru/solid.ws' violates the following Content Security Policy directive: "connect-src 'self' https://mc.yandex.ru https://*.yandex.ru https://*.yandex.net https://*.yandex.com". The action has been blocked. @ https://mc.yandex.ru/metrika/tag.js:496
[ 1133792ms] [ERROR] Connecting to 'wss://mc.yandex.ru/solid.ws' violates the following Content Security Policy directive: "connect-src 'self' https://mc.yandex.ru https://*.yandex.ru https://*.yandex.net https://*.yandex.com". The action has been blocked. @ https://mc.yandex.ru/metrika/tag.js:496
[ 1543810ms] [ERROR] Connecting to 'wss://mc.yandex.ru/solid.ws' violates the following Content Security Policy directive: "connect-src 'self' https://mc.yandex.ru https://*.yandex.ru https://*.yandex.net https://*.yandex.com". The action has been blocked. @ https://mc.yandex.ru/metrika/tag.js:496
[ 1954854ms] [ERROR] Connecting to 'wss://mc.yandex.ru/solid.ws' violates the following Content Security Policy directive: "connect-src 'self' https://mc.yandex.ru https://*.yandex.ru https://*.yandex.net https://*.yandex.com". The action has been blocked. @ https://mc.yandex.ru/metrika/tag.js:496
[ 2320878ms] [ERROR] Connecting to 'wss://mc.yandex.ru/solid.ws' violates the following Content Security Policy directive: "connect-src 'self' https://mc.yandex.ru https://*.yandex.ru https://*.yandex.net https://*.yandex.com". The action has been blocked. @ https://mc.yandex.ru/metrika/tag.js:496
[ 2851891ms] [ERROR] Connecting to 'wss://mc.yandex.ru/solid.ws' violates the following Content Security Policy directive: "connect-src 'self' https://mc.yandex.ru https://*.yandex.ru https://*.yandex.net https://*.yandex.com". The action has been blocked. @ https://mc.yandex.ru/metrika/tag.js:496
[ 3300909ms] [ERROR] Connecting to 'wss://mc.yandex.ru/solid.ws' violates the following Content Security Policy directive: "connect-src 'self' https://mc.yandex.ru https://*.yandex.ru https://*.yandex.net https://*.yandex.com". The action has been blocked. @ https://mc.yandex.ru/metrika/tag.js:496
[ 3729927ms] [ERROR] Connecting to 'wss://mc.yandex.ru/solid.ws' violates the following Content Security Policy directive: "connect-src 'self' https://mc.yandex.ru https://*.yandex.ru https://*.yandex.net https://*.yandex.com". The action has been blocked. @ https://mc.yandex.ru/metrika/tag.js:496
[ 4082949ms] [ERROR] Connecting to 'wss://mc.yandex.ru/solid.ws' violates the following Content Security Policy directive: "connect-src 'self' https://mc.yandex.ru https://*.yandex.ru https://*.yandex.net https://*.yandex.com". The action has been blocked. @ https://mc.yandex.ru/metrika/tag.js:496
[ 4594965ms] [ERROR] Connecting to 'wss://mc.yandex.ru/solid.ws' violates the following Content Security Policy directive: "connect-src 'self' https://mc.yandex.ru https://*.yandex.ru https://*.yandex.net https://*.yandex.com". The action has been blocked. @ https://mc.yandex.ru/metrika/tag.js:496
[ 5023987ms] [ERROR] Connecting to 'wss://mc.yandex.ru/solid.ws' violates the following Content Security Policy directive: "connect-src 'self' https://mc.yandex.ru https://*.yandex.ru https://*.yandex.net https://*.yandex.com". The action has been blocked. @ https://mc.yandex.ru/metrika/tag.js:496
[ 5314002ms] [ERROR] Connecting to 'wss://mc.yandex.ru/solid.ws' violates the following Content Security Policy directive: "connect-src 'self' https://mc.yandex.ru https://*.yandex.ru https://*.yandex.net https://*.yandex.com". The action has been blocked. @ https://mc.yandex.ru/metrika/tag.js:496
[ 5631010ms] [ERROR] Connecting to 'wss://mc.yandex.ru/solid.ws' violates the following Content Security Policy directive: "connect-src 'self' https://mc.yandex.ru https://*.yandex.ru https://*.yandex.net https://*.yandex.com". The action has been blocked. @ https://mc.yandex.ru/metrika/tag.js:496
[ 6057034ms] [ERROR] Connecting to 'wss://mc.yandex.ru/solid.ws' violates the following Content Security Policy directive: "connect-src 'self' https://mc.yandex.ru https://*.yandex.ru https://*.yandex.net https://*.yandex.com". The action has been blocked. @ https://mc.yandex.ru/metrika/tag.js:496
[ 6385053ms] [ERROR] Connecting to 'wss://mc.yandex.ru/solid.ws' violates the following Content Security Policy directive: "connect-src 'self' https://mc.yandex.ru https://*.yandex.ru https://*.yandex.net https://*.yandex.com". The action has been blocked. @ https://mc.yandex.ru/metrika/tag.js:496
[ 6840067ms] [ERROR] Connecting to 'wss://mc.yandex.ru/solid.ws' violates the following Content Security Policy directive: "connect-src 'self' https://mc.yandex.ru https://*.yandex.ru https://*.yandex.net https://*.yandex.com". The action has been blocked. @ https://mc.yandex.ru/metrika/tag.js:496
[ 7123091ms] [ERROR] Connecting to 'wss://mc.yandex.ru/solid.ws' violates the following Content Security Policy directive: "connect-src 'self' https://mc.yandex.ru https://*.yandex.ru https://*.yandex.net https://*.yandex.com". The action has been blocked. @ https://mc.yandex.ru/metrika/tag.js:496
[ 7519110ms] [ERROR] Connecting to 'wss://mc.yandex.ru/solid.ws' violates the following Content Security Policy directive: "connect-src 'self' https://mc.yandex.ru https://*.yandex.ru https://*.yandex.net https://*.yandex.com". The action has been blocked. @ https://mc.yandex.ru/metrika/tag.js:496
[ 8034127ms] [ERROR] Connecting to 'wss://mc.yandex.ru/solid.ws' violates the following Content Security Policy directive: "connect-src 'self' https://mc.yandex.ru https://*.yandex.ru https://*.yandex.net https://*.yandex.com". The action has been blocked. @ https://mc.yandex.ru/metrika/tag.js:496
[ 8436158ms] [ERROR] Connecting to 'wss://mc.yandex.ru/solid.ws' violates the following Content Security Policy directive: "connect-src 'self' https://mc.yandex.ru https://*.yandex.ru https://*.yandex.net https://*.yandex.com". The action has been blocked. @ https://mc.yandex.ru/metrika/tag.js:496
[ 8765171ms] [ERROR] Connecting to 'wss://mc.yandex.ru/solid.ws' violates the following Content Security Policy directive: "connect-src 'self' https://mc.yandex.ru https://*.yandex.ru https://*.yandex.net https://*.yandex.com". The action has been blocked. @ https://mc.yandex.ru/metrika/tag.js:496
[ 9244175ms] [ERROR] Connecting to 'wss://mc.yandex.ru/solid.ws' violates the following Content Security Policy directive: "connect-src 'self' https://mc.yandex.ru https://*.yandex.ru https://*.yandex.net https://*.yandex.com". The action has been blocked. @ https://mc.yandex.ru/metrika/tag.js:496
[ 9742192ms] [ERROR] Connecting to 'wss://mc.yandex.ru/solid.ws' violates the following Content Security Policy directive: "connect-src 'self' https://mc.yandex.ru https://*.yandex.ru https://*.yandex.net https://*.yandex.com". The action has been blocked. @ https://mc.yandex.ru/metrika/tag.js:496
[10151205ms] [ERROR] Connecting to 'wss://mc.yandex.ru/solid.ws' violates the following Content Security Policy directive: "connect-src 'self' https://mc.yandex.ru https://*.yandex.ru https://*.yandex.net https://*.yandex.com". The action has been blocked. @ https://mc.yandex.ru/metrika/tag.js:496
[10500231ms] [ERROR] Connecting to 'wss://mc.yandex.ru/solid.ws' violates the following Content Security Policy directive: "connect-src 'self' https://mc.yandex.ru https://*.yandex.ru https://*.yandex.net https://*.yandex.com". The action has been blocked. @ https://mc.yandex.ru/metrika/tag.js:496
[10829250ms] [ERROR] Connecting to 'wss://mc.yandex.ru/solid.ws' violates the following Content Security Policy directive: "connect-src 'self' https://mc.yandex.ru https://*.yandex.ru https://*.yandex.net https://*.yandex.com". The action has been blocked. @ https://mc.yandex.ru/metrika/tag.js:496
[11283267ms] [ERROR] Connecting to 'wss://mc.yandex.ru/solid.ws' violates the following Content Security Policy directive: "connect-src 'self' https://mc.yandex.ru https://*.yandex.ru https://*.yandex.net https://*.yandex.com". The action has been blocked. @ https://mc.yandex.ru/metrika/tag.js:496
[11594282ms] [ERROR] Connecting to 'wss://mc.yandex.ru/solid.ws' violates the following Content Security Policy directive: "connect-src 'self' https://mc.yandex.ru https://*.yandex.ru https://*.yandex.net https://*.yandex.com". The action has been blocked. @ https://mc.yandex.ru/metrika/tag.js:496
[12068286ms] [ERROR] Connecting to 'wss://mc.yandex.ru/solid.ws' violates the following Content Security Policy directive: "connect-src 'self' https://mc.yandex.ru https://*.yandex.ru https://*.yandex.net https://*.yandex.com". The action has been blocked. @ https://mc.yandex.ru/metrika/tag.js:496
[12596225ms] [ERROR] Connecting to 'wss://mc.yandex.ru/solid.ws' violates the following Content Security Policy directive: "connect-src 'self' https://mc.yandex.ru https://*.yandex.ru https://*.yandex.net https://*.yandex.com". The action has been blocked. @ https://mc.yandex.ru/metrika/tag.js:496
[12937155ms] [ERROR] Connecting to 'wss://mc.yandex.ru/solid.ws' violates the following Content Security Policy directive: "connect-src 'self' https://mc.yandex.ru https://*.yandex.ru https://*.yandex.net https://*.yandex.com". The action has been blocked. @ https://mc.yandex.ru/metrika/tag.js:496
[13406047ms] [ERROR] Connecting to 'wss://mc.yandex.ru/solid.ws' violates the following Content Security Policy directive: "connect-src 'self' https://mc.yandex.ru https://*.yandex.ru https://*.yandex.net https://*.yandex.com". The action has been blocked. @ https://mc.yandex.ru/metrika/tag.js:496
[13813980ms] [ERROR] Connecting to 'wss://mc.yandex.ru/solid.ws' violates the following Content Security Policy directive: "connect-src 'self' https://mc.yandex.ru https://*.yandex.ru https://*.yandex.net https://*.yandex.com". The action has been blocked. @ https://mc.yandex.ru/metrika/tag.js:496
[14251909ms] [ERROR] Connecting to 'wss://mc.yandex.ru/solid.ws' violates the following Content Security Policy directive: "connect-src 'self' https://mc.yandex.ru https://*.yandex.ru https://*.yandex.net https://*.yandex.com". The action has been blocked. @ https://mc.yandex.ru/metrika/tag.js:496
[14571879ms] [ERROR] Connecting to 'wss://mc.yandex.ru/solid.ws' violates the following Content Security Policy directive: "connect-src 'self' https://mc.yandex.ru https://*.yandex.ru https://*.yandex.net https://*.yandex.com". The action has been blocked. @ https://mc.yandex.ru/metrika/tag.js:496
[15083836ms] [ERROR] Connecting to 'wss://mc.yandex.ru/solid.ws' violates the following Content Security Policy directive: "connect-src 'self' https://mc.yandex.ru https://*.yandex.ru https://*.yandex.net https://*.yandex.com". The action has been blocked. @ https://mc.yandex.ru/metrika/tag.js:496
[15479803ms] [ERROR] Connecting to 'wss://mc.yandex.ru/solid.ws' violates the following Content Security Policy directive: "connect-src 'self' https://mc.yandex.ru https://*.yandex.ru https://*.yandex.net https://*.yandex.com". The action has been blocked. @ https://mc.yandex.ru/metrika/tag.js:496
[15819787ms] [ERROR] Connecting to 'wss://mc.yandex.ru/solid.ws' violates the following Content Security Policy directive: "connect-src 'self' https://mc.yandex.ru https://*.yandex.ru https://*.yandex.net https://*.yandex.com". The action has been blocked. @ https://mc.yandex.ru/metrika/tag.js:496
[16270767ms] [ERROR] Connecting to 'wss://mc.yandex.ru/solid.ws' violates the following Content Security Policy directive: "connect-src 'self' https://mc.yandex.ru https://*.yandex.ru https://*.yandex.net https://*.yandex.com". The action has been blocked. @ https://mc.yandex.ru/metrika/tag.js:496
[16630749ms] [ERROR] Connecting to 'wss://mc.yandex.ru/solid.ws' violates the following Content Security Policy directive: "connect-src 'self' https://mc.yandex.ru https://*.yandex.ru https://*.yandex.net https://*.yandex.com". The action has been blocked. @ https://mc.yandex.ru/metrika/tag.js:496
[16913755ms] [ERROR] Connecting to 'wss://mc.yandex.ru/solid.ws' violates the following Content Security Policy directive: "connect-src 'self' https://mc.yandex.ru https://*.yandex.ru https://*.yandex.net https://*.yandex.com". The action has been blocked. @ https://mc.yandex.ru/metrika/tag.js:496
[17296737ms] [ERROR] Connecting to 'wss://mc.yandex.ru/solid.ws' violates the following Content Security Policy directive: "connect-src 'self' https://mc.yandex.ru https://*.yandex.ru https://*.yandex.net https://*.yandex.com". The action has been blocked. @ https://mc.yandex.ru/metrika/tag.js:496
[17593737ms] [ERROR] Connecting to 'wss://mc.yandex.ru/solid.ws' violates the following Content Security Policy directive: "connect-src 'self' https://mc.yandex.ru https://*.yandex.ru https://*.yandex.net https://*.yandex.com". The action has been blocked. @ https://mc.yandex.ru/metrika/tag.js:496
[18058738ms] [ERROR] Connecting to 'wss://mc.yandex.ru/solid.ws' violates the following Content Security Policy directive: "connect-src 'self' https://mc.yandex.ru https://*.yandex.ru https://*.yandex.net https://*.yandex.com". The action has been blocked. @ https://mc.yandex.ru/metrika/tag.js:496
[18402750ms] [ERROR] Connecting to 'wss://mc.yandex.ru/solid.ws' violates the following Content Security Policy directive: "connect-src 'self' https://mc.yandex.ru https://*.yandex.ru https://*.yandex.net https://*.yandex.com". The action has been blocked. @ https://mc.yandex.ru/metrika/tag.js:496
[18736747ms] [ERROR] Connecting to 'wss://mc.yandex.ru/solid.ws' violates the following Content Security Policy directive: "connect-src 'self' https://mc.yandex.ru https://*.yandex.ru https://*.yandex.net https://*.yandex.com". The action has been blocked. @ https://mc.yandex.ru/metrika/tag.js:496
[19075753ms] [ERROR] Connecting to 'wss://mc.yandex.ru/solid.ws' violates the following Content Security Policy directive: "connect-src 'self' https://mc.yandex.ru https://*.yandex.ru https://*.yandex.net https://*.yandex.com". The action has been blocked. @ https://mc.yandex.ru/metrika/tag.js:496
[19463768ms] [ERROR] Connecting to 'wss://mc.yandex.ru/solid.ws' violates the following Content Security Policy directive: "connect-src 'self' https://mc.yandex.ru https://*.yandex.ru https://*.yandex.net https://*.yandex.com". The action has been blocked. @ https://mc.yandex.ru/metrika/tag.js:496
[19825780ms] [ERROR] Connecting to 'wss://mc.yandex.ru/solid.ws' violates the following Content Security Policy directive: "connect-src 'self' https://mc.yandex.ru https://*.yandex.ru https://*.yandex.net https://*.yandex.com". The action has been blocked. @ https://mc.yandex.ru/metrika/tag.js:496
[20244779ms] [ERROR] Connecting to 'wss://mc.yandex.ru/solid.ws' violates the following Content Security Policy directive: "connect-src 'self' https://mc.yandex.ru https://*.yandex.ru https://*.yandex.net https://*.yandex.com". The action has been blocked. @ https://mc.yandex.ru/metrika/tag.js:496
[20608781ms] [ERROR] Connecting to 'wss://mc.yandex.ru/solid.ws' violates the following Content Security Policy directive: "connect-src 'self' https://mc.yandex.ru https://*.yandex.ru https://*.yandex.net https://*.yandex.com". The action has been blocked. @ https://mc.yandex.ru/metrika/tag.js:496
[21002800ms] [ERROR] Connecting to 'wss://mc.yandex.ru/solid.ws' violates the following Content Security Policy directive: "connect-src 'self' https://mc.yandex.ru https://*.yandex.ru https://*.yandex.net https://*.yandex.com". The action has been blocked. @ https://mc.yandex.ru/metrika/tag.js:496
[21493820ms] [ERROR] Connecting to 'wss://mc.yandex.ru/solid.ws' violates the following Content Security Policy directive: "connect-src 'self' https://mc.yandex.ru https://*.yandex.ru https://*.yandex.net https://*.yandex.com". The action has been blocked. @ https://mc.yandex.ru/metrika/tag.js:496
[21783828ms] [ERROR] Connecting to 'wss://mc.yandex.ru/solid.ws' violates the following Content Security Policy directive: "connect-src 'self' https://mc.yandex.ru https://*.yandex.ru https://*.yandex.net https://*.yandex.com". The action has been blocked. @ https://mc.yandex.ru/metrika/tag.js:496
[22102842ms] [ERROR] Connecting to 'wss://mc.yandex.ru/solid.ws' violates the following Content Security Policy directive: "connect-src 'self' https://mc.yandex.ru https://*.yandex.ru https://*.yandex.net https://*.yandex.com". The action has been blocked. @ https://mc.yandex.ru/metrika/tag.js:496
[22404857ms] [ERROR] Connecting to 'wss://mc.yandex.ru/solid.ws' violates the following Content Security Policy directive: "connect-src 'self' https://mc.yandex.ru https://*.yandex.ru https://*.yandex.net https://*.yandex.com". The action has been blocked. @ https://mc.yandex.ru/metrika/tag.js:496
[22826875ms] [ERROR] Connecting to 'wss://mc.yandex.ru/solid.ws' violates the following Content Security Policy directive: "connect-src 'self' https://mc.yandex.ru https://*.yandex.ru https://*.yandex.net https://*.yandex.com". The action has been blocked. @ https://mc.yandex.ru/metrika/tag.js:496
[23233885ms] [ERROR] Connecting to 'wss://mc.yandex.ru/solid.ws' violates the following Content Security Policy directive: "connect-src 'self' https://mc.yandex.ru https://*.yandex.ru https://*.yandex.net https://*.yandex.com". The action has been blocked. @ https://mc.yandex.ru/metrika/tag.js:496
[23724889ms] [ERROR] Connecting to 'wss://mc.yandex.ru/solid.ws' violates the following Content Security Policy directive: "connect-src 'self' https://mc.yandex.ru https://*.yandex.ru https://*.yandex.net https://*.yandex.com". The action has been blocked. @ https://mc.yandex.ru/metrika/tag.js:496
[24091902ms] [ERROR] Connecting to 'wss://mc.yandex.ru/solid.ws' violates the following Content Security Policy directive: "connect-src 'self' https://mc.yandex.ru https://*.yandex.ru https://*.yandex.net https://*.yandex.com". The action has been blocked. @ https://mc.yandex.ru/metrika/tag.js:496
[24539914ms] [ERROR] Connecting to 'wss://mc.yandex.ru/solid.ws' violates the following Content Security Policy directive: "connect-src 'self' https://mc.yandex.ru https://*.yandex.ru https://*.yandex.net https://*.yandex.com". The action has been blocked. @ https://mc.yandex.ru/metrika/tag.js:496
[24949925ms] [ERROR] Connecting to 'wss://mc.yandex.ru/solid.ws' violates the following Content Security Policy directive: "connect-src 'self' https://mc.yandex.ru https://*.yandex.ru https://*.yandex.net https://*.yandex.com". The action has been blocked. @ https://mc.yandex.ru/metrika/tag.js:496
[25315944ms] [ERROR] Connecting to 'wss://mc.yandex.ru/solid.ws' violates the following Content Security Policy directive: "connect-src 'self' https://mc.yandex.ru https://*.yandex.ru https://*.yandex.net https://*.yandex.com". The action has been blocked. @ https://mc.yandex.ru/metrika/tag.js:496
[25806957ms] [ERROR] Connecting to 'wss://mc.yandex.ru/solid.ws' violates the following Content Security Policy directive: "connect-src 'self' https://mc.yandex.ru https://*.yandex.ru https://*.yandex.net https://*.yandex.com". The action has been blocked. @ https://mc.yandex.ru/metrika/tag.js:496
[26192968ms] [ERROR] Connecting to 'wss://mc.yandex.ru/solid.ws' violates the following Content Security Policy directive: "connect-src 'self' https://mc.yandex.ru https://*.yandex.ru https://*.yandex.net https://*.yandex.com". The action has been blocked. @ https://mc.yandex.ru/metrika/tag.js:496
[26603984ms] [ERROR] Connecting to 'wss://mc.yandex.ru/solid.ws' violates the following Content Security Policy directive: "connect-src 'self' https://mc.yandex.ru https://*.yandex.ru https://*.yandex.net https://*.yandex.com". The action has been blocked. @ https://mc.yandex.ru/metrika/tag.js:496
[26931006ms] [ERROR] Connecting to 'wss://mc.yandex.ru/solid.ws' violates the following Content Security Policy directive: "connect-src 'self' https://mc.yandex.ru https://*.yandex.ru https://*.yandex.net https://*.yandex.com". The action has been blocked. @ https://mc.yandex.ru/metrika/tag.js:496
[27339027ms] [ERROR] Connecting to 'wss://mc.yandex.ru/solid.ws' violates the following Content Security Policy directive: "connect-src 'self' https://mc.yandex.ru https://*.yandex.ru https://*.yandex.net https://*.yandex.com". The action has been blocked. @ https://mc.yandex.ru/metrika/tag.js:496
[27642037ms] [ERROR] Connecting to 'wss://mc.yandex.ru/solid.ws' violates the following Content Security Policy directive: "connect-src 'self' https://mc.yandex.ru https://*.yandex.ru https://*.yandex.net https://*.yandex.com". The action has been blocked. @ https://mc.yandex.ru/metrika/tag.js:496
[28138072ms] [ERROR] Connecting to 'wss://mc.yandex.ru/solid.ws' violates the following Content Security Policy directive: "connect-src 'self' https://mc.yandex.ru https://*.yandex.ru https://*.yandex.net https://*.yandex.com". The action has been blocked. @ https://mc.yandex.ru/metrika/tag.js:496
[28480097ms] [ERROR] Connecting to 'wss://mc.yandex.ru/solid.ws' violates the following Content Security Policy directive: "connect-src 'self' https://mc.yandex.ru https://*.yandex.ru https://*.yandex.net https://*.yandex.com". The action has been blocked. @ https://mc.yandex.ru/metrika/tag.js:496
[28774138ms] [ERROR] Connecting to 'wss://mc.yandex.ru/solid.ws' violates the following Content Security Policy directive: "connect-src 'self' https://mc.yandex.ru https://*.yandex.ru https://*.yandex.net https://*.yandex.com". The action has been blocked. @ https://mc.yandex.ru/metrika/tag.js:496
[29222153ms] [ERROR] Connecting to 'wss://mc.yandex.ru/solid.ws' violates the following Content Security Policy directive: "connect-src 'self' https://mc.yandex.ru https://*.yandex.ru https://*.yandex.net https://*.yandex.com". The action has been blocked. @ https://mc.yandex.ru/metrika/tag.js:496
[29706171ms] [ERROR] Connecting to 'wss://mc.yandex.ru/solid.ws' violates the following Content Security Policy directive: "connect-src 'self' https://mc.yandex.ru https://*.yandex.ru https://*.yandex.net https://*.yandex.com". The action has been blocked. @ https://mc.yandex.ru/metrika/tag.js:496
[30050186ms] [ERROR] Connecting to 'wss://mc.yandex.ru/solid.ws' violates the following Content Security Policy directive: "connect-src 'self' https://mc.yandex.ru https://*.yandex.ru https://*.yandex.net https://*.yandex.com". The action has been blocked. @ https://mc.yandex.ru/metrika/tag.js:496
[30522207ms] [ERROR] Connecting to 'wss://mc.yandex.ru/solid.ws' violates the following Content Security Policy directive: "connect-src 'self' https://mc.yandex.ru https://*.yandex.ru https://*.yandex.net https://*.yandex.com". The action has been blocked. @ https://mc.yandex.ru/metrika/tag.js:496
