[    1345ms] [ERROR] Failed to load resource: net::ERR_CONNECTION_CLOSED @ https://www.googletagmanager.com/gtag/js?id=G-QX2LK1FZEG:0
[    1450ms] [LOG] %c%s color: red; background: yellow; font-size: 24px; WARNING! @ https://search.google.com/_/scs/mss-static/_/js/k=boq-search-console.SearchConsoleNoOgbUi.ru.umeCC2yElFM.2018.O/am=AAAAACCNEcpek_IDAQ/d=1/excm=_b,_tp,marketingview/ed=1/dg=0/wt=2/ujg=1/rs=AB4_AlV8dqFePWi0bVuS3jklC4vBD5X25w/dti=1/m=_b,_tp:279
[    1450ms] [LOG] %c%s font-size: 18px; Using this console may allow attackers to impersonate you and steal your information using an attack called Self-XSS.
Do not enter or paste code that you do not understand. @ https://search.google.com/_/scs/mss-static/_/js/k=boq-search-console.SearchConsoleNoOgbUi.ru.umeCC2yElFM.2018.O/am=AAAAACCNEcpek_IDAQ/d=1/excm=_b,_tp,marketingview/ed=1/dg=0/wt=2/ujg=1/rs=AB4_AlV8dqFePWi0bVuS3jklC4vBD5X25w/dti=1/m=_b,_tp:279
[    1582ms] [ERROR] Failed to load resource: net::ERR_CONNECTION_CLOSED @ https://www.google-analytics.com/analytics.js:0
[   18314ms] [ERROR] Failed to load resource: net::ERR_CONNECTION_CLOSED @ https://gstatic.com/search-console/scfe/logo_search_console.svg:0
[  109685ms] [ERROR] Failed to load resource: net::ERR_CONNECTION_CLOSED @ https://www.googletagmanager.com/gtag/js?id=G-QX2LK1FZEG:0
[  109726ms] [LOG] %c%s color: red; background: yellow; font-size: 24px; WARNING! @ https://search.google.com/_/scs/mss-static/_/js/k=boq-search-console.SearchConsoleNoOgbUi.ru.umeCC2yElFM.2018.O/am=AAAAACCNEcpek_IDAQ/d=1/excm=_b,_tp,marketingview/ed=1/dg=0/wt=2/ujg=1/rs=AB4_AlV8dqFePWi0bVuS3jklC4vBD5X25w/dti=1/m=_b,_tp:279
[  109726ms] [LOG] %c%s font-size: 18px; Using this console may allow attackers to impersonate you and steal your information using an attack called Self-XSS.
Do not enter or paste code that you do not understand. @ https://search.google.com/_/scs/mss-static/_/js/k=boq-search-console.SearchConsoleNoOgbUi.ru.umeCC2yElFM.2018.O/am=AAAAACCNEcpek_IDAQ/d=1/excm=_b,_tp,marketingview/ed=1/dg=0/wt=2/ujg=1/rs=AB4_AlV8dqFePWi0bVuS3jklC4vBD5X25w/dti=1/m=_b,_tp:279
[  109771ms] [ERROR] Failed to load resource: net::ERR_CONNECTION_CLOSED @ https://www.google-analytics.com/analytics.js:0
[  122585ms] [VERBOSE] [DOM] Password field is not contained in a form: (More info: https://goo.gl/9p2vKq) %o @ https://accounts.google.com/v3/signin/identifier?continue=https%3A%2F%2Fsearch.google.com%2Fsearch-console%3Futm_source%3Dabout-page&dsh=S1192971977%3A1785762177636983&hl=ru&service=sitemaps&flowName=GlifWebSignIn&flowEntry=ServiceLogin&ifkv=Ac50bxvPWJiFu_m18iRA8x4rAPk7drECAcuxXmTWTg1RLc7uSm8EUQrlHrcLWSOta4C35jjra3R52g:0
[  122592ms] [LOG] %c%s color: red; background: yellow; font-size: 24px; ВНИМАНИЕ! @ https://www.gstatic.com/_/mss/boq-identity/_/js/k=boq-identity.AccountsSignInUi.ru.KPaBgkU2zGc.es5.O/am=EQEAAADIQD8kAMj__98AAAYQbAe8ZwE0AUIGAAAAAAAAQABYAgCARgAB/d=1/excm=_b,_tp,identifierview/ed=1/dg=0/wt=2/ujg=1/rs=AOaEmlH4uuI83bad_LBtHa0ccxSAIBR-8w/dti=1/m=_b,_tp:552
[  122592ms] [LOG] %c%s font-size: 18px; При использовании этой консоли вы можете подвергнуться атаке Self-XSS, что позволит злоумышленникам совершать действия от вашего имени и получать доступ к вашим личным данным.
Не вводите и не вставляйте программный код, который не понимаете. @ https://www.gstatic.com/_/mss/boq-identity/_/js/k=boq-identity.AccountsSignInUi.ru.KPaBgkU2zGc.es5.O/am=EQEAAADIQD8kAMj__98AAAYQbAe8ZwE0AUIGAAAAAAAAQABYAgCARgAB/d=1/excm=_b,_tp,identifierview/ed=1/dg=0/wt=2/ujg=1/rs=AOaEmlH4uuI83bad_LBtHa0ccxSAIBR-8w/dti=1/m=_b,_tp:552
[  426426ms] [ERROR] Failed to load resource: net::ERR_CONNECTION_CLOSED @ https://www.googletagmanager.com/gtag/js?id=G-QX2LK1FZEG:0
[  426831ms] [LOG] %c%s color: red; background: yellow; font-size: 24px; WARNING! @ /_/scs/mss-static/_/js/k=boq-search-console.SearchConsoleAggReportUi.en_GB.e7GqmUSFs7Y.2018.O/am=AAAAACCNcYKGAT9fziYi3OUKAg/d=1/excm=_b,_tp,dashboardview/ed=1/dg=0/wt=2/ujg=1/rs=AB4_AlWhpPPoAoxoYp0pC5gqVeHWEgFN5A/dti=1/m=_b,_tp:407
[  426831ms] [LOG] %c%s font-size: 18px; Using this console may allow attackers to impersonate you and steal your information using an attack called Self-XSS.
Do not enter or paste code that you do not understand. @ /_/scs/mss-static/_/js/k=boq-search-console.SearchConsoleAggReportUi.en_GB.e7GqmUSFs7Y.2018.O/am=AAAAACCNcYKGAT9fziYi3OUKAg/d=1/excm=_b,_tp,dashboardview/ed=1/dg=0/wt=2/ujg=1/rs=AB4_AlWhpPPoAoxoYp0pC5gqVeHWEgFN5A/dti=1/m=_b,_tp:407
[  426839ms] [INFO] Slow network is detected. See https://www.chromestatus.com/feature/5636954674692096 for more details. Fallback font will be used while loading: https://fonts.gstatic.com/s/materialiconsextended/v154/kJEjBvgX7BgnkSrUwT8UnLVc38YydejYY-oE_LvJ.woff2 @ https://search.google.com/search-console?utm_source=about-page&resource_id=http://zhanklodmangal.ru/:1276
[  426843ms] [INFO] Slow network is detected. See https://www.chromestatus.com/feature/5636954674692096 for more details. Fallback font will be used while loading: https://fonts.gstatic.com/s/googlesanstext/v22/5aUu9-KzpRiLCAt4Unrc-xIKmCU5qEp2iw.woff2 @ https://search.google.com/search-console?utm_source=about-page&resource_id=http://zhanklodmangal.ru/:1276
[  426861ms] [INFO] Slow network is detected. See https://www.chromestatus.com/feature/5636954674692096 for more details. Fallback font will be used while loading: https://fonts.gstatic.com/s/googlesans/v62/4UaRrENHsxJlGDuGo1OIlJfC6l_24rlCK1Yo_Iq2vgCI.woff2 @ https://search.google.com/search-console?utm_source=about-page&resource_id=http://zhanklodmangal.ru/:10
[  426861ms] [INFO] Slow network is detected. See https://www.chromestatus.com/feature/5636954674692096 for more details. Fallback font will be used while loading: https://fonts.gstatic.com/s/googlematerialicons/v144/Gw6kwdfw6UnXLJCcmafZyFRXb3BL9rvi0QZG3Q.woff2 @ https://search.google.com/search-console?utm_source=about-page&resource_id=http://zhanklodmangal.ru/:10
[  426861ms] [INFO] Slow network is detected. See https://www.chromestatus.com/feature/5636954674692096 for more details. Fallback font will be used while loading: https://fonts.gstatic.com/s/roboto/v48/KFO7CnqEu92Fr1ME7kSn66aGLdTylUAMa3yUBA.woff2 @ https://search.google.com/search-console?utm_source=about-page&resource_id=http://zhanklodmangal.ru/:10
[  426862ms] [INFO] Slow network is detected. See https://www.chromestatus.com/feature/5636954674692096 for more details. Fallback font will be used while loading: https://fonts.gstatic.com/l/font?kit=Hhy3U5Ak9u-oMExPeInvcuEmPosC9zS3FYkFU68cPrjdKM1XMoDZlWmzc3IiQP9PqmjLH2zrYh5ZLaTJtwfdIRa2NY6yT-PA5UkvkTU2P_NO8q0O1fGq_glw1HpzfRGaZ6rY616vH4d90Tk1RF0_ItvtCfWXv_7VbWGsKR3ceIEaVTHhYtpQiK5kkyYKMVrFUgAc9rF3TXs_9JhK67OVgwuvg4KnR8FwrmoH6qY&skey=f8ec4d50247dc1c1&v=v449 @ https://search.google.com/search-console?utm_source=about-page&resource_id=http://zhanklodmangal.ru/:10
[  428135ms] [ERROR] Failed to load resource: net::ERR_CONNECTION_CLOSED @ https://www.google-analytics.com/analytics.js:0
[  437565ms] [ERROR] Failed to load resource: net::ERR_CONNECTION_CLOSED @ https://ogads-pa.clients6.google.com/$rpc/google.internal.onegoogle.asyncdata.v1.AsyncDataService/GetAsyncData:0
[  442155ms] [INFO] Slow network is detected. See https://www.chromestatus.com/feature/5636954674692096 for more details. Fallback font will be used while loading: https://fonts.gstatic.com/s/roboto/v48/KFO7CnqEu92Fr1ME7kSn66aGLdTylUAMa3yUBA.woff2 @ https://ogs.google.com/u/0/widget/app?awwd=1&em=2&dpi=99853355&origin=https%3A%2F%2Fsearch.google.com&cn=app&pid=269&spid=340&hl=en-GB&xstg=CAMSYxVmmZCKEM7LANknihjDzAartAPVdd-2Bd6qA4P_Bt_fvhKssAS41N0GsO8Oj-cC4aoAhIMGm9wT_ecDivQCo7O-BJjzD-qGA9i0Bs4SjibhbYK9Db2wBuOnA9OVD-HXA8nYAQ%3D%3D:28
[  442155ms] [INFO] Slow network is detected. See https://www.chromestatus.com/feature/5636954674692096 for more details. Fallback font will be used while loading: https://fonts.gstatic.com/s/googlesans/v62/4UaRrENHsxJlGDuGo1OIlJfC6l_24rlCK1Yo_Iq2vgCI.woff2 @ https://ogs.google.com/u/0/widget/app?awwd=1&em=2&dpi=99853355&origin=https%3A%2F%2Fsearch.google.com&cn=app&pid=269&spid=340&hl=en-GB&xstg=CAMSYxVmmZCKEM7LANknihjDzAartAPVdd-2Bd6qA4P_Bt_fvhKssAS41N0GsO8Oj-cC4aoAhIMGm9wT_ecDivQCo7O-BJjzD-qGA9i0Bs4SjibhbYK9Db2wBuOnA9OVD-HXA8nYAQ%3D%3D:28
[  700075ms] [ERROR] Failed to load resource: net::ERR_TIMED_OUT @ https://t0.gstatic.com/faviconV2?client=SOCIAL&type=FAVICON&fallback_opts=TYPE,SIZE,URL&url=https://zhanklodmangal.ru/&size=32:0
[ 1360284ms] [INFO] Slow network is detected. See https://www.chromestatus.com/feature/5636954674692096 for more details. Fallback font will be used while loading: https://fonts.gstatic.com/s/googlesanstext/v22/5aUp9-KzpRiLCAt4Unrc-xIKmCU5oLlVnmhjtg.woff2 @ https://search.google.com/search-console/sitemaps?resource_id=https%3A%2F%2Fzhanklodmangal.ru%2F:0
[ 1390292ms] [ERROR] Failed to load resource: net::ERR_TIMED_OUT @ https://fonts.gstatic.com/s/googlesanstext/v22/5aUp9-KzpRiLCAt4Unrc-xIKmCU5oLlVnmhjtg.woff2:0
[ 5313938ms] [INFO] Slow network is detected. See https://www.chromestatus.com/feature/5636954674692096 for more details. Fallback font will be used while loading: https://fonts.gstatic.com/s/googlesans/v62/4UaRrENHsxJlGDuGo1OIlJfC6l_24rlCK1Yo_Iq2ugCIlsw.woff2 @ https://search.google.com/search-console/sitemaps?resource_id=https%3A%2F%2Fzhanklodmangal.ru%2F:0
[ 5313939ms] [INFO] Slow network is detected. See https://www.chromestatus.com/feature/5636954674692096 for more details. Fallback font will be used while loading: https://fonts.gstatic.com/s/roboto/v48/KFO7CnqEu92Fr1ME7kSn66aGLdTylUAMa3iUBGEe.woff2 @ https://search.google.com/search-console/sitemaps?resource_id=https%3A%2F%2Fzhanklodmangal.ru%2F:0
[ 9278217ms] [ERROR] Failed to load resource: net::ERR_TIMED_OUT @ https://search.google.com/_/SearchConsoleAggReportUi/gen204/?tmambps=0.004833008407367043&rtembps=-1&rttms=4.552346984386036&ct=undefined:0
[ 9998310ms] [ERROR] Failed to load resource: net::ERR_TIMED_OUT @ https://search.google.com/_/SearchConsoleAggReportUi/gen204/?tmambps=0.004833008407367043&rtembps=-1&rttms=4.552346984386036&ct=undefined:0
