[     363ms] [LOG] setStep<stepperFinger_1785767912637>::suggest_list @ https://yastatic.net/s3/passport-static/pwl-yandex/_/d815fbb8ef166a49ec0f.js:0
[    1249ms] [LOG] redirectToRetpath: https://sso.passport.yandex.ru/prepare?uuid=55ffaebc-d89e-4ecc-90de-2c647b1d57f1&goal=https%3A%2F%2Fya.ru%2F&finish=https%3A%2F%2Fmetrika.yandex.ru%2F @ https://yastatic.net/s3/passport-static/pwl-yandex/_/d815fbb8ef166a49ec0f.js:0
[    2341ms] [ERROR] Unrecognized Content-Security-Policy directive 'prefetch-src'. @ https://metrika.yandex.ru/list:0
[    2360ms] [ERROR] Unrecognized Content-Security-Policy directive 'prefetch-src'. @ about:blank:0
[    2361ms] [ERROR] Unrecognized Content-Security-Policy directive 'prefetch-src'. @ about:blank:0
[    2894ms] [WARNING] No routes matched location "/list"  @ https://yastatic.net/s3/metrika/ui-projects/1.138.2/469.ru.js:1
[    3412ms] [ERROR] Unrecognized Content-Security-Policy directive 'prefetch-src'. @ https://metrika.yandex.ru/list?iframe=1&iframe-lang=ru&period=quarter&group=day:0
[    3816ms] [WARNING] No routes matched location "/list?period=quarter&group=day"  @ https://yastatic.net/s3/metrika/ui-projects/1.138.2/469.ru.js:1
[    4862ms] [WARNING] No routes matched location "/list?period=quarter&group=day"  @ https://yastatic.net/s3/metrika/ui-projects/1.138.2/469.ru.js:1
[    5919ms] [WARNING] No routes matched location "/list?period=quarter&group=day"  @ https://yastatic.net/s3/metrika/ui-projects/1.138.2/469.ru.js:1
[    5930ms] [WARNING] No routes matched location "/list?period=quarter&group=day"  @ https://yastatic.net/s3/metrika/ui-projects/1.138.2/469.ru.js:1
[    6587ms] [WARNING] No routes matched location "/list?period=quarter&group=day"  @ https://yastatic.net/s3/metrika/ui-projects/1.138.2/469.ru.js:1
[   13609ms] [WARNING] No routes matched location "/list?period=quarter&group=day"  @ https://yastatic.net/s3/metrika/ui-projects/1.138.2/469.ru.js:1
[   13945ms] [WARNING] No routes matched location "/list?period=quarter&group=day"  @ https://yastatic.net/s3/metrika/ui-projects/1.138.2/469.ru.js:1
[   23957ms] [WARNING] No routes matched location "/list?period=quarter&group=day"  @ https://yastatic.net/s3/metrika/ui-projects/1.138.2/469.ru.js:1
[   24083ms] [WARNING] No routes matched location "/list?period=quarter&group=day"  @ https://yastatic.net/s3/metrika/ui-projects/1.138.2/469.ru.js:1
[   41918ms] [WARNING] No routes matched location "/overview?id=111173180"  @ https://yastatic.net/s3/metrika/ui-projects/1.138.2/469.ru.js:1
[   41980ms] [WARNING] No routes matched location "/overview?id=111173180&period=quarter&group=day&isMinSamplingEnabled=false&attr=%7B%22attributionId%22%3A%22LastSign%22%2C%22isCrossDevice%22%3Atrue%7D&isUndefinedEnabled=false"  @ https://yastatic.net/s3/metrika/ui-projects/1.138.2/469.ru.js:1
[   42526ms] [WARNING] No routes matched location "/overview?id=111173180&period=quarter&group=day&isMinSamplingEnabled=false&attr=%7B%22attributionId%22%3A%22LastSign%22%2C%22isCrossDevice%22%3Atrue%7D&isUndefinedEnabled=false"  @ https://yastatic.net/s3/metrika/ui-projects/1.138.2/469.ru.js:1
[   42551ms] [WARNING] No routes matched location "/overview?id=111173180&period=quarter&group=day&isMinSamplingEnabled=false&attr=%7B%22attributionId%22%3A%22LastSign%22%2C%22isCrossDevice%22%3Atrue%7D&isUndefinedEnabled=false"  @ https://yastatic.net/s3/metrika/ui-projects/1.138.2/469.ru.js:1
[   42565ms] [WARNING] No routes matched location "/overview?id=111173180&period=quarter&group=day&isMinSamplingEnabled=false&attr=%7B%22attributionId%22%3A%22LastSign%22%2C%22isCrossDevice%22%3Atrue%7D&isUndefinedEnabled=false"  @ https://yastatic.net/s3/metrika/ui-projects/1.138.2/469.ru.js:1
[   42572ms] [WARNING] No routes matched location "/overview?id=111173180&period=quarter&group=day&isMinSamplingEnabled=false&attr=%7B%22attributionId%22%3A%22LastSign%22%2C%22isCrossDevice%22%3Atrue%7D&isUndefinedEnabled=false"  @ https://yastatic.net/s3/metrika/ui-projects/1.138.2/469.ru.js:1
[   42591ms] [WARNING] No routes matched location "/overview?id=111173180&period=quarter&group=day&isMinSamplingEnabled=false&attr=%7B%22attributionId%22%3A%22LastSign%22%2C%22isCrossDevice%22%3Atrue%7D&isUndefinedEnabled=false"  @ https://yastatic.net/s3/metrika/ui-projects/1.138.2/469.ru.js:1
[   42617ms] [WARNING] No routes matched location "/overview?id=111173180&period=quarter&group=day&isMinSamplingEnabled=false&attr=%7B%22attributionId%22%3A%22LastSign%22%2C%22isCrossDevice%22%3Atrue%7D&isUndefinedEnabled=false&currency=RUB"  @ https://yastatic.net/s3/metrika/ui-projects/1.138.2/469.ru.js:1
[   42957ms] [WARNING] No routes matched location "/overview?id=111173180&period=quarter&group=day&isMinSamplingEnabled=false&attr=%7B%22attributionId%22%3A%22LastSign%22%2C%22isCrossDevice%22%3Atrue%7D&isUndefinedEnabled=false&currency=RUB"  @ https://yastatic.net/s3/metrika/ui-projects/1.138.2/469.ru.js:1
[   43259ms] [WARNING] No routes matched location "/overview?id=111173180&period=quarter&group=day&isMinSamplingEnabled=false&attr=%7B%22attributionId%22%3A%22LastSign%22%2C%22isCrossDevice%22%3Atrue%7D&isUndefinedEnabled=false&currency=RUB"  @ https://yastatic.net/s3/metrika/ui-projects/1.138.2/469.ru.js:1
[   43272ms] [WARNING] No routes matched location "/overview?id=111173180&period=quarter&group=day&isMinSamplingEnabled=false&attr=%7B%22attributionId%22%3A%22LastSign%22%2C%22isCrossDevice%22%3Atrue%7D&isUndefinedEnabled=false&currency=RUB"  @ https://yastatic.net/s3/metrika/ui-projects/1.138.2/469.ru.js:1
[   43294ms] [WARNING] No routes matched location "/overview?id=111173180&period=quarter&group=day&isMinSamplingEnabled=false&attr=%7B%22attributionId%22%3A%22LastSign%22%2C%22isCrossDevice%22%3Atrue%7D&isUndefinedEnabled=false&currency=RUB"  @ https://yastatic.net/s3/metrika/ui-projects/1.138.2/469.ru.js:1
[   43413ms] [WARNING] No routes matched location "/overview?id=111173180&period=quarter&group=day&isMinSamplingEnabled=false&attr=%7B%22attributionId%22%3A%22LastSign%22%2C%22isCrossDevice%22%3Atrue%7D&isUndefinedEnabled=false&currency=RUB"  @ https://yastatic.net/s3/metrika/ui-projects/1.138.2/469.ru.js:1
[   44805ms] [WARNING] Highcharts warning: Consider including the "accessibility.js" module to make your chart more usable for people with disabilities. Set the "accessibility.enabled" option to false to remove this warning. See https://www.highcharts.com/docs/accessibility/accessibility-module. @ https://yastatic.net/s3/metrika/ui-projects/1.138.2/469.ru.js:1
[   73442ms] [WARNING] Highcharts warning #33: www.highcharts.com/errors/33/?Invalid%20attribute%20in%20config=fill-rule
 - Invalid attribute in config: fill-rule @ https://yastatic.net/s3/metrika/ui-projects/1.138.2/469.ru.js:1
[   73442ms] [WARNING] Highcharts warning #33: www.highcharts.com/errors/33/?Invalid%20attribute%20in%20config=clip-rule
 - Invalid attribute in config: clip-rule @ https://yastatic.net/s3/metrika/ui-projects/1.138.2/469.ru.js:1
[   80225ms] [WARNING] No routes matched location "/overview?id=111173180&period=month&group=day&isMinSamplingEnabled=false&attr=%7B%22attributionId%22%3A%22LastSign%22%2C%22isCrossDevice%22%3Atrue%7D&isUndefinedEnabled=false&currency=RUB"  @ https://yastatic.net/s3/metrika/ui-projects/1.138.2/469.ru.js:1
[   83224ms] [WARNING] No routes matched location "/overview?id=111173180&period=week&group=day&isMinSamplingEnabled=false&attr=%7B%22attributionId%22%3A%22LastSign%22%2C%22isCrossDevice%22%3Atrue%7D&isUndefinedEnabled=false&currency=RUB"  @ https://yastatic.net/s3/metrika/ui-projects/1.138.2/469.ru.js:1
[   89728ms] [WARNING] No routes matched location "/overview?id=111173180&period=today&group=day&isMinSamplingEnabled=false&attr=%7B%22attributionId%22%3A%22LastSign%22%2C%22isCrossDevice%22%3Atrue%7D&isUndefinedEnabled=false&currency=RUB"  @ https://yastatic.net/s3/metrika/ui-projects/1.138.2/469.ru.js:1
[   89877ms] [WARNING] No routes matched location "/overview?id=111173180&period=today&group=dekaminute&isMinSamplingEnabled=false&attr=%7B%22attributionId%22%3A%22LastSign%22%2C%22isCrossDevice%22%3Atrue%7D&isUndefinedEnabled=false&currency=RUB"  @ https://yastatic.net/s3/metrika/ui-projects/1.138.2/469.ru.js:1
[  111029ms] [WARNING] No routes matched location "/stat/visor?id=111173180&period=today&group=dekaminute&isMinSamplingEnabled=false&currency=RUB&attr=%7B%22attributionId%22%3A%22LastSign%22%2C%22isCrossDevice%22%3Atrue%7D&isUndefinedEnabled=false"  @ https://yastatic.net/s3/metrika/ui-projects/1.138.2/469.ru.js:1
[  111059ms] [ERROR] Unrecognized Content-Security-Policy directive 'prefetch-src'. @ https://yastatic.net/s3/metrika/ui-projects/1.138.2/469.ru.js:1
[  111061ms] [ERROR] Unrecognized Content-Security-Policy directive 'prefetch-src'. @ https://yastatic.net/s3/metrika/ui-projects/1.138.2/469.ru.js:1
[  111079ms] [WARNING] No routes matched location "/stat/visor?id=111173180&period=today&group=dekaminute&isMinSamplingEnabled=false&currency=RUB&attr=%7B%22attributionId%22%3A%22LastSign%22%2C%22isCrossDevice%22%3Atrue%7D&isUndefinedEnabled=false"  @ https://yastatic.net/s3/metrika/ui-projects/1.138.2/469.ru.js:1
[  111306ms] [WARNING] No routes matched location "/stat/visor?id=111173180&period=today&group=dekaminute&isMinSamplingEnabled=false&currency=RUB&attr=%7B%22attributionId%22%3A%22LastSign%22%2C%22isCrossDevice%22%3Atrue%7D&isUndefinedEnabled=false"  @ https://yastatic.net/s3/metrika/ui-projects/1.138.2/469.ru.js:1
[  111456ms] [WARNING] No routes matched location "/stat/visor?id=111173180&period=today&group=dekaminute&isMinSamplingEnabled=false&currency=RUB&attr=%7B%22attributionId%22%3A%22LastSign%22%2C%22isCrossDevice%22%3Atrue%7D&isUndefinedEnabled=false"  @ https://yastatic.net/s3/metrika/ui-projects/1.138.2/469.ru.js:1
[  111715ms] [ERROR] Unrecognized Content-Security-Policy directive 'prefetch-src'. @ https://metrika.yandex.ru/stat/visor?iframe=1&iframe-lang=ru&id=111173180&period=today&group=dekaminute&isMinSamplingEnabled=false&currency=RUB&attr=%7B%22attributionId%22%3A%22LastSign%22%2C%22isCrossDevice%22%3Atrue%7D&isUndefinedEnabled=false:0
[  111849ms] [WARNING] No routes matched location "/stat/visor?id=111173180&period=today&group=dekaminute&isMinSamplingEnabled=false&currency=RUB&attr=%7B%22attributionId%22%3A%22LastSign%22%2C%22isCrossDevice%22%3Atrue%7D&isUndefinedEnabled=false"  @ https://yastatic.net/s3/metrika/ui-projects/1.138.2/469.ru.js:1
[  112765ms] [WARNING] No routes matched location "/stat/visor?period=today&id=111173180"  @ https://yastatic.net/s3/metrika/ui-projects/1.138.2/469.ru.js:1
[  112781ms] [WARNING] No routes matched location "/stat/visor?period=today&id=111173180&group=dekaminute&isMinSamplingEnabled=false&currency=RUB&attr=%7B%22attributionId%22%3A%22LastSign%22%2C%22isCrossDevice%22%3Atrue%7D&isUndefinedEnabled=false"  @ https://yastatic.net/s3/metrika/ui-projects/1.138.2/469.ru.js:1
[  117908ms] [WARNING] No routes matched location "/stat/order_management?id=111173180"  @ https://yastatic.net/s3/metrika/ui-projects/1.138.2/469.ru.js:1
[  117990ms] [WARNING] No routes matched location "/stat/order_management?id=111173180&period=today&group=dekaminute&isMinSamplingEnabled=false&currency=RUB&attr=%7B%22attributionId%22%3A%22LastSign%22%2C%22isCrossDevice%22%3Atrue%7D&isUndefinedEnabled=false"  @ https://yastatic.net/s3/metrika/ui-projects/1.138.2/469.ru.js:1
[  118252ms] [WARNING] No routes matched location "/stat/order_management?id=111173180&period=today&group=dekaminute&isMinSamplingEnabled=false&currency=RUB&attr=%7B%22attributionId%22%3A%22LastSign%22%2C%22isCrossDevice%22%3Atrue%7D&isUndefinedEnabled=false"  @ https://yastatic.net/s3/metrika/ui-projects/1.138.2/469.ru.js:1
[  119384ms] [ERROR] Failed to load resource: the server responded with a status of 404 () @ https://yastatic.net/s3/metrika/ui-projects/public/_/browser_38.svg:0
[  119389ms] [ERROR] Failed to load resource: the server responded with a status of 404 () @ https://yastatic.net/s3/metrika/ui-projects/public/_/browser_83.svg:0
[  150274ms] [WARNING] No routes matched location "/stat/order_management?id=111173180&period=yesterday&group=dekaminute&isMinSamplingEnabled=false&currency=RUB&attr=%7B%22attributionId%22%3A%22LastSign%22%2C%22isCrossDevice%22%3Atrue%7D&isUndefinedEnabled=false"  @ https://yastatic.net/s3/metrika/ui-projects/1.138.2/469.ru.js:1
[  151017ms] [ERROR] Failed to load resource: the server responded with a status of 404 () @ https://yastatic.net/s3/metrika/ui-projects/public/_/browser_38.svg:0
[  151018ms] [ERROR] Failed to load resource: the server responded with a status of 404 () @ https://yastatic.net/s3/metrika/ui-projects/public/_/browser_83.svg:0
[  151026ms] [ERROR] Failed to load resource: the server responded with a status of 404 () @ https://yastatic.net/s3/metrika/ui-projects/public/_/browser_117.svg:0
[  151028ms] [ERROR] Failed to load resource: the server responded with a status of 404 () @ https://yastatic.net/s3/metrika/ui-projects/public/_/browser_72.svg:0
[  161765ms] [ERROR] Failed to load resource: the server responded with a status of 404 () @ https://yastatic.net/s3/metrika/ui-projects/public/_/browser_83.svg:0
[  161766ms] [ERROR] Failed to load resource: the server responded with a status of 404 () @ https://yastatic.net/s3/metrika/ui-projects/public/_/browser_72.svg:0
[  161766ms] [ERROR] Failed to load resource: the server responded with a status of 404 () @ https://yastatic.net/s3/metrika/ui-projects/public/_/browser_38.svg:0
[  161805ms] [ERROR] Failed to load resource: the server responded with a status of 404 () @ https://yastatic.net/s3/metrika/ui-projects/public/_/browser_117.svg:0
[  162177ms] [ERROR] Failed to load resource: the server responded with a status of 404 () @ https://yastatic.net/s3/metrika/ui-projects/public/_/os_115.svg:0
